// Jest Snapshot v1, https://goo.gl/fbAQLP

exports[`Confirm renders basic Confirm correctly 1`] = `
<ForwardRef(forwardRef)
  message="确认删除吗？"
  onCancel={[MockFunction]}
  onOk={[MockFunction]}
  visible={true}
>
  <LocaleReceiver
    forwardedRef={null}
    message="确认删除吗？"
    onCancel={[MockFunction]}
    onOk={[MockFunction]}
    visible={true}
  >
    <ConfirmExtension
      cancelText="取消"
      locale={
        Object {
          "cancel": "取消",
          "confirm": "确定",
        }
      }
      localeCode="zh-cn"
      message="确认删除吗？"
      okText="确定"
      onCancel={[MockFunction]}
      onOk={[MockFunction]}
      prefixCls="ui-confirm"
      visible={true}
      width={270}
    >
      <Modal
        animationDuration={300}
        animationType="zoom"
        minWidth={270}
        onKeyPress={[Function]}
        onMaskClick={[Function]}
        prefixCls="zw-modal"
        shape="rect"
        visible={true}
        width={270}
      >
        <Portal
          containerInfo={
            <div>
              <div
                class="zw-modal shape-rect fade-enter"
                style="animation-duration: 300ms; position: fixed;"
              >
                <div
                  class="zw-modal--dialog zoom-enter"
                  style="width: 270px; min-width: 270px; animation-duration: 300ms;"
                  tabindex="-1"
                >
                  <div
                    class="zw-modal-header"
                    style="display: none;"
                  >
                    <div
                      class="zw-modal-title"
                    />
                    <div
                      class="zw-modal-close"
                    >
                      <i
                        class="za-icon za-icon-wrong theme-default"
                      />
                    </div>
                  </div>
                  <div
                    class="zw-modal-body"
                    style="height: auto;"
                  >
                    <div
                      class="ui-confirm"
                    >
                      <i
                        class="za-icon za-icon-question-round theme-default"
                      />
                      <span>
                        确认删除吗？
                      </span>
                    </div>
                  </div>
                  <div
                    class="zw-modal-footer"
                  >
                    <button
                      class="zw-button zw-button--default zw-button--radius"
                      type="button"
                    >
                      取消
                    </button>
                    <button
                      class="zw-button zw-button--primary zw-button--radius"
                      type="button"
                    >
                      确定
                    </button>
                  </div>
                </div>
              </div>
            </div>
          }
        >
          <div
            className="zw-modal shape-rect fade-enter"
            onClick={[Function]}
            onKeyPress={[Function]}
            style={
              Object {
                "animationDuration": "300ms",
                "position": "fixed",
              }
            }
          >
            <div
              className="zw-modal--dialog zoom-enter"
              onClick={[Function]}
              onKeyDown={[Function]}
              onKeyPress={[Function]}
              style={
                Object {
                  "animationDuration": "300ms",
                  "maxWidth": undefined,
                  "minWidth": 270,
                  "width": 270,
                }
              }
              tabIndex={-1}
            >
              <ModalHeader
                onClose={[Function]}
                prefixCls="zw-modal"
                style={
                  Object {
                    "display": "none",
                  }
                }
              >
                <div
                  className="zw-modal-header"
                  style={
                    Object {
                      "display": "none",
                    }
                  }
                >
                  <div
                    className="zw-modal-title"
                  />
                  <div
                    className="zw-modal-close"
                    onClick={[Function]}
                  >
                    <Icon
                      className=""
                      onClick={[Function]}
                      prefixCls="za-icon"
                      style={Object {}}
                      theme="default"
                      type="wrong"
                    >
                      <i
                        className="za-icon za-icon-wrong theme-default"
                        onClick={[Function]}
                        style={Object {}}
                      />
                    </Icon>
                  </div>
                </div>
              </ModalHeader>
              <ModalBody
                height="auto"
                prefixCls="zw-modal"
              >
                <div
                  className="zw-modal-body"
                  style={
                    Object {
                      "height": "auto",
                    }
                  }
                >
                  <div
                    className="ui-confirm"
                  >
                    <Icon
                      className=""
                      onClick={[Function]}
                      prefixCls="za-icon"
                      style={Object {}}
                      theme="default"
                      type="question-round"
                    >
                      <i
                        className="za-icon za-icon-question-round theme-default"
                        onClick={[Function]}
                        style={Object {}}
                      />
                    </Icon>
                    <span>
                      确认删除吗？
                    </span>
                  </div>
                </div>
              </ModalBody>
              <ModalFooter
                prefixCls="zw-modal"
              >
                <div
                  className="zw-modal-footer"
                >
                  <Button
                    block={false}
                    disabled={false}
                    ghost={false}
                    htmlType="button"
                    loading={false}
                    onClick={[Function]}
                    prefixCls="zw-button"
                    shape="radius"
                    size={null}
                    theme="default"
                  >
                    <button
                      className="zw-button zw-button--default zw-button--radius"
                      disabled={false}
                      onClick={[Function]}
                      type="button"
                    >
                      取消
                    </button>
                  </Button>
                  <Button
                    block={false}
                    disabled={false}
                    ghost={false}
                    htmlType="button"
                    loading={false}
                    onClick={[Function]}
                    prefixCls="zw-button"
                    shape="radius"
                    size={null}
                    theme="primary"
                  >
                    <button
                      className="zw-button zw-button--primary zw-button--radius"
                      disabled={false}
                      onClick={[Function]}
                      type="button"
                    >
                      确定
                    </button>
                  </Button>
                </div>
              </ModalFooter>
            </div>
          </div>
        </Portal>
      </Modal>
    </ConfirmExtension>
  </LocaleReceiver>
</ForwardRef(forwardRef)>
`;
