// Jest Snapshot v1, https://goo.gl/fbAQLP

exports[`Tooltip renders normal Tooltip correctly 1`] = `
<div
  class="zw-tooltip"
>
  <div
    class="zw-tooltip__inner"
  >
    <div
      id="hello"
    >
      Hello world!
    </div>
  </div>
</div>
`;
