// Jest Snapshot v1, https://goo.gl/fbAQLP

exports[`Modal renders basic Modal correctly 1`] = `null`;

exports[`Modal renders closable Modal correctly 1`] = `null`;

exports[`Modal renders customized Modal correctly 1`] = `
Array [
  <div
    class="za-mask za-mask--normal"
    style="-webkit-animation-duration:500ms;animation-duration:500ms"
  />,
  <div
    class="za-popup__wrapper"
    role="dialog"
    style="-webkit-animation-duration:500ms;animation-duration:500ms"
  >
    <div
      class="za-popup za-popup--center"
      role="document"
      style="-webkit-animation-duration:500ms;animation-duration:500ms"
    >
      <div
        class="zw-modal__content"
        tabindex="-1"
      >
        <div
          class="zw-modal__header"
        >
          <div
            class="zw-modal__title"
          />
          <div
            class="zw-modal__close"
          >
            <i
              class="zw-icon zw-icon--wrong zw-icon--default zw-icon--sm"
              theme="default"
              type="wrong"
            >
              <svg
                fill="currentColor"
                height="1em"
                viewBox="0 0 32 32"
                width="1em"
              >
                <use
                  href="#wrong"
                />
              </svg>
            </i>
          </div>
        </div>
        <div
          class="zw-modal__body"
        >
          我是一个模态框
        </div>
        <div
          class="zw-modal__footer"
        >
          <div
            class="zw-modal__button-warpper"
          >
            <button
              class="zw-button zw-button--default zw-button--md zw-button--radius"
              type="button"
            >
              <span>
                取消
              </span>
            </button>
            <button
              class="zw-button zw-button--primary zw-button--md zw-button--radius"
              type="button"
            >
              <span>
                确定
              </span>
            </button>
          </div>
        </div>
      </div>
      <div
        class="zw-modal__hidden-elem"
      >
        <input
          tabindex="0"
          type="readonly"
        />
      </div>
    </div>
  </div>,
]
`;
