// Jest Snapshot v1, https://goo.gl/fbAQLP

exports[`Drawer renders correctly 1`] = `
<Drawer
  afterClose={[MockFunction]}
  closable={true}
  direction="bottom"
  mask={true}
  maskClosable={false}
  onMaskClick={[MockFunction]}
  prefixCls="zw-drawer"
  size="md"
  visible={false}
>
  <ForwardRef(ForwardedRefComp)
    afterClose={[MockFunction]}
    direction="right"
    key="0"
    mask={true}
    onMaskClick={[Function]}
    visible={false}
  >
    <WarnIfDeprecatedComp
      afterClose={[MockFunction]}
      direction="right"
      forwardedRef={null}
      mask={true}
      onMaskClick={[Function]}
      visible={false}
    >
      <Popup
        afterClose={[MockFunction]}
        destroy={true}
        direction="right"
        mask={true}
        onMaskClick={[Function]}
        prefixCls="za-popup"
        visible={false}
      />
    </WarnIfDeprecatedComp>
  </ForwardRef(ForwardedRefComp)>
</Drawer>
`;
