// Jest Snapshot v1, https://goo.gl/fbAQLP

exports[`PopConfirm renders PopConfirm correctly 1`] = `<div />`;
